[2026-10-07 17:20:14] [INFO] ============================================================
[2026-10-07 17:20:14] [INFO] LSA Sprint AS_49 - Automated File Synchronization Engine
[2026-10-07 17:20:14] [INFO] Source Directory:     /mnt/d/Users/Dell/Downloads/Projects/LSA/Automation_sprint/AS_49/sandbox_data/source
[2026-10-07 17:20:14] [INFO] Destination Backup:   /mnt/d/Users/Dell/Downloads/Projects/LSA/Automation_sprint/AS_49/sandbox_data/dest
[2026-10-07 17:20:14] [INFO] Dry Run Mode:         false
[2026-10-07 17:20:14] [INFO] Delete Extraneous:    true
[2026-10-07 17:20:14] [INFO] Log File:             /mnt/d/Users/Dell/Downloads/Projects/LSA/Automation_sprint/AS_49/logs/sync_20261007_172014.log
[2026-10-07 17:20:14] [INFO] ============================================================
[2026-10-07 17:20:14] [INFO] Added incremental updates to source files to demonstrate delta sync.
[2026-10-07 17:20:14] [INFO] Executing rsync: rsync -avh --stats --delete /mnt/d/Users/Dell/Downloads/Projects/LSA/Automation_sprint/AS_49/sandbox_data/source/ /mnt/d/Users/Dell/Downloads/Projects/LSA/Automation_sprint/AS_49/sandbox_data/dest/
sending incremental file list
docs/architecture.md
src/utils.py

Number of files: 10 (reg: 5, dir: 5)
Number of created files: 0
Number of deleted files: 0
Number of regular files transferred: 2
Total file size: 256 bytes
Total transferred file size: 141 bytes
Literal data: 141 bytes
Matched data: 0 bytes
File list size: 0
File list generation time: 0.013 seconds
File list transfer time: 0.000 seconds
Total bytes sent: 537
Total bytes received: 65

sent 537 bytes  received 65 bytes  1.20K bytes/sec
total size is 256  speedup is 0.43
[2026-10-07 17:20:15] [SUCCESS] Rsync transfer completed successfully.
[2026-10-07 17:20:15] [INFO] Statistics: Files Considered=10, Transferred=2, Transferred Size=141 bytes, Speedup=0.43
[2026-10-07 17:20:15] [INFO] Integrity Verification: Sync Verified = true
