[2026-10-07 17:20:01] [INFO] ============================================================
[2026-10-07 17:20:01] [INFO] LSA Sprint AS_49 - Automated File Synchronization Engine
[2026-10-07 17:20:01] [INFO] Source Directory:     /mnt/d/Users/Dell/Downloads/Projects/LSA/Automation_sprint/AS_49/sandbox_data/source
[2026-10-07 17:20:01] [INFO] Destination Backup:   /mnt/d/Users/Dell/Downloads/Projects/LSA/Automation_sprint/AS_49/sandbox_data/dest
[2026-10-07 17:20:01] [INFO] Dry Run Mode:         false
[2026-10-07 17:20:01] [INFO] Delete Extraneous:    true
[2026-10-07 17:20:01] [INFO] Log File:             /mnt/d/Users/Dell/Downloads/Projects/LSA/Automation_sprint/AS_49/logs/sync_20261007_172001.log
[2026-10-07 17:20:01] [INFO] ============================================================
[2026-10-07 17:20:01] [INFO] Seeding initial enterprise project files in source directory...
[2026-10-07 17:20:02] [SUCCESS] Seeded 5 baseline project files across 4 subdirectories.
[2026-10-07 17:20:02] [INFO] Executing rsync: rsync -avh --stats --delete /mnt/d/Users/Dell/Downloads/Projects/LSA/Automation_sprint/AS_49/sandbox_data/source/ /mnt/d/Users/Dell/Downloads/Projects/LSA/Automation_sprint/AS_49/sandbox_data/dest/
sending incremental file list
./
assets/
assets/branding.svg
config/
config/settings.json
docs/
docs/architecture.md
src/
src/main.py
src/utils.py

Number of files: 10 (reg: 5, dir: 5)
Number of created files: 9 (reg: 5, dir: 4)
Number of deleted files: 0
Number of regular files transferred: 5
Total file size: 185 bytes
Total transferred file size: 185 bytes
Literal data: 185 bytes
Matched data: 0 bytes
File list size: 0
File list generation time: 0.012 seconds
File list transfer time: 0.000 seconds
Total bytes sent: 721
Total bytes received: 141

sent 721 bytes  received 141 bytes  1.72K bytes/sec
total size is 185  speedup is 0.21
[2026-10-07 17:20:02] [SUCCESS] Rsync transfer completed successfully.
[2026-10-07 17:20:02] [INFO] Statistics: Files Considered=10, Transferred=5, Transferred Size=185 bytes, Speedup=0.21
[2026-10-07 17:20:03] [INFO] Integrity Verification: Sync Verified = true
