[2026-10-07 15:26:42] FILE MODIFICATION MONITOR RUN
Directory: /mnt/d/Users/Dell/Downloads/Projects/LSA/Automation_sprint
Threshold: 24 hours
Modified files found: 180
Cumulative modified size: 49.61 MB
------------------------------------------------------------
[2026-10-07 15:26:42] FILE MODIFICATION MONITOR RUN
Directory: /mnt/d/Users/Dell/Downloads/Projects/LSA/Automation_sprint/AS_32/sandbox_data/project_repo
Threshold: 24 hours
Modified files found: 5
Cumulative modified size: 446 B
------------------------------------------------------------
[2026-10-07 15:27:38] FILE MODIFICATION MONITOR RUN
Directory: /mnt/d/Users/Dell/Downloads/Projects/LSA/Automation_sprint
Threshold: 24 hours
Modified files found: 183
Cumulative modified size: 49.63 MB
------------------------------------------------------------
[2026-10-07 15:27:39] FILE MODIFICATION MONITOR RUN
Directory: /mnt/d/Users/Dell/Downloads/Projects/LSA/Automation_sprint/AS_32/sandbox_data/project_repo
Threshold: 24 hours
Modified files found: 5
Cumulative modified size: 446 B
------------------------------------------------------------
[2026-10-07 15:27:44] FILE MODIFICATION MONITOR RUN
Directory: /mnt/d/Users/Dell/Downloads/Projects/LSA/Automation_sprint
Threshold: 24 hours
Modified files found: 184
Cumulative modified size: 49.63 MB
------------------------------------------------------------
