[2026-10-07 12:43:42 IST] [VERIFY] Package 'curl' is INSTALLED (Version: 8.18.0-1ubuntu2.7, Path: /usr/bin/curl)
[2026-10-07 12:43:43 IST] [VERIFY] Package 'git' is INSTALLED (Version: 1:2.53.0-1ubuntu1, Path: /usr/bin/git)
[2026-10-07 12:43:43 IST] [VERIFY] Package 'python3' is INSTALLED (Version: 3.14.3-0ubuntu2, Path: /usr/bin/python3)
[2026-10-07 12:43:43 IST] [VERIFY] Package 'tar' is INSTALLED (Version: 1.35+dfsg-4ubuntu0.4, Path: /usr/bin/tar)
[2026-10-07 12:43:43 IST] [VERIFY] Package 'tmux' is INSTALLED (Version: 3.6a-2ubuntu0.1, Path: /usr/bin/tmux)
[2026-10-07 12:43:44 IST] [VERIFY] Package 'tree' is INSTALLED (Version: 2.3.1-1, Path: /usr/bin/tree)
[2026-10-07 12:43:44 IST] [VERIFY] Package 'nginx' is NOT INSTALLED (Suggestion: sudo apt-get install -y nginx)
[2026-10-07 12:43:46 IST] [VERIFY] Package 'docker' is INSTALLED (Version: 29.1.3-0ubuntu4.1, Path: /usr/bin/docker)
[2026-10-07 12:43:47 IST] [VERIFY] Package 'cowsay' is NOT INSTALLED (Suggestion: sudo apt-get install -y cowsay)
[2026-10-07 12:43:47 IST] [VERIFY] Package 'redis-server' is NOT INSTALLED (Suggestion: sudo apt-get install -y redis-server)
[2026-10-07 12:43:48 IST] [VERIFY] Package 'ansible' is NOT INSTALLED (Suggestion: sudo apt-get install -y ansible)
[2026-10-07 12:43:48 IST] [VERIFY] Package 'htop' is NOT INSTALLED (Suggestion: sudo apt-get install -y htop)
[2026-10-07 12:44:43 IST] [VERIFY] Package 'curl' is INSTALLED (Version: 8.18.0-1ubuntu2.7, Path: /usr/bin/curl)
[2026-10-07 12:44:43 IST] [VERIFY] Package 'git' is INSTALLED (Version: 1:2.53.0-1ubuntu1, Path: /usr/bin/git)
[2026-10-07 12:44:43 IST] [VERIFY] Package 'python3' is INSTALLED (Version: 3.14.3-0ubuntu2, Path: /usr/bin/python3)
[2026-10-07 12:44:44 IST] [VERIFY] Package 'tar' is INSTALLED (Version: 1.35+dfsg-4ubuntu0.4, Path: /usr/bin/tar)
[2026-10-07 12:44:44 IST] [VERIFY] Package 'tmux' is INSTALLED (Version: 3.6a-2ubuntu0.1, Path: /usr/bin/tmux)
[2026-10-07 12:44:44 IST] [VERIFY] Package 'tree' is INSTALLED (Version: 2.3.1-1, Path: /usr/bin/tree)
[2026-10-07 12:44:45 IST] [VERIFY] Package 'nginx' is NOT INSTALLED (Suggestion: sudo apt-get install -y nginx)
[2026-10-07 12:44:46 IST] [VERIFY] Package 'docker' is INSTALLED (Version: 29.1.3-0ubuntu4.1, Path: /usr/bin/docker)
[2026-10-07 12:44:46 IST] [VERIFY] Package 'cowsay' is NOT INSTALLED (Suggestion: sudo apt-get install -y cowsay)
[2026-10-07 12:44:46 IST] [VERIFY] Package 'redis-server' is NOT INSTALLED (Suggestion: sudo apt-get install -y redis-server)
[2026-10-07 12:44:47 IST] [VERIFY] Package 'ansible' is NOT INSTALLED (Suggestion: sudo apt-get install -y ansible)
[2026-10-07 12:44:47 IST] [VERIFY] Package 'htop' is NOT INSTALLED (Suggestion: sudo apt-get install -y htop)
