[2026-09-30 11:43:53] [INFO   ] [DETECT      ] Evaluating Candidate 1: 'ssh' (Debian/Ubuntu standard)...
[2026-09-30 11:43:53] [INFO   ] [DETECT      ] Candidate 1 ('ssh') not found. Evaluating Candidate 2: 'sshd' (RHEL/CentOS standard)...
[2026-09-30 11:43:54] [WARN   ] [DETECT      ] Neither 'ssh' nor 'sshd' service found on this system
[2026-09-30 11:43:54] [WARN   ] [ACTIVE      ] Active state: NOT INSTALLED (Neither 'ssh' nor 'sshd' service is installed or registered)
[2026-09-30 11:43:54] [WARN   ] [ENABLED     ] Boot persistence: NOT INSTALLED
[2026-09-30 11:43:54] [INFO   ] [SOCKET      ] Performing independent network socket cross-check for port 22...
[2026-09-30 11:43:54] [WARN   ] [SOCKET      ] Port 22 is NOT LISTENING (no bound TCP sockets detected)
[2026-09-30 11:43:54] [INFO   ] [EVAL        ] Combined Result: ❌ SSH is NOT INSTALLED (neither 'ssh' nor 'sshd' service found on this system, and port 22 is not listening)
[2026-09-30 11:44:15] [INFO   ] [DETECT      ] Testing user-specified override service candidate: 'cron'
[2026-09-30 11:44:15] [INFO   ] [ACTIVE      ] Executing systemd check: 'systemctl is-active cron'...
[2026-09-30 11:44:16] [SUCCESS] [ACTIVE      ] Service 'cron' is ACTIVE (exit code 0)
[2026-09-30 11:44:16] [INFO   ] [ENABLED     ] Executing systemd check: 'systemctl is-enabled cron'...
[2026-09-30 11:44:16] [SUCCESS] [ENABLED     ] Service 'cron' is ENABLED at boot (code 0)
[2026-09-30 11:44:16] [INFO   ] [SOCKET      ] Performing independent network socket cross-check for port 22...
[2026-09-30 11:44:17] [WARN   ] [SOCKET      ] Port 22 is NOT LISTENING (no bound TCP sockets detected)
[2026-09-30 11:44:17] [INFO   ] [EVAL        ] Combined Result: ⚠️ SSH ('cron') is ACTIVE and ENABLED at boot, but NOT LISTENING on port 22
[2026-09-30 11:44:27] [INFO   ] [DETECT      ] Testing user-specified override service candidate: 'cron'
[2026-09-30 11:44:27] [INFO   ] [ACTIVE      ] Executing systemd check: 'systemctl is-active cron'...
[2026-09-30 11:44:27] [SUCCESS] [ACTIVE      ] Service 'cron' is ACTIVE (exit code 0)
[2026-09-30 11:44:27] [INFO   ] [ENABLED     ] Executing systemd check: 'systemctl is-enabled cron'...
[2026-09-30 11:44:27] [SUCCESS] [ENABLED     ] Service 'cron' is ENABLED at boot (code 0)
[2026-09-30 11:44:27] [INFO   ] [SOCKET      ] Performing independent network socket cross-check for port 53...
[2026-09-30 11:44:27] [SUCCESS] [SOCKET      ] Port 53 is LISTENING. Match: LISTEN 0 1000 10.255.255.254:53 0.0.0.0:* 
[2026-09-30 11:44:27] [INFO   ] [EVAL        ] Combined Result: ✅ SSH ('cron') is ACTIVE, ENABLED at boot, and LISTENING on port 53
[2026-09-30 11:44:50] [INFO   ] [DETECT      ] Evaluating Candidate 1: 'ssh' (Debian/Ubuntu standard)...
[2026-09-30 11:44:50] [INFO   ] [DETECT      ] Candidate 1 ('ssh') not found. Evaluating Candidate 2: 'sshd' (RHEL/CentOS standard)...
[2026-09-30 11:44:50] [WARN   ] [DETECT      ] Neither 'ssh' nor 'sshd' service found on this system
[2026-09-30 11:44:50] [WARN   ] [ACTIVE      ] Active state: NOT INSTALLED (Neither 'ssh' nor 'sshd' service is installed or registered)
[2026-09-30 11:44:50] [WARN   ] [ENABLED     ] Boot persistence: NOT INSTALLED
[2026-09-30 11:44:50] [INFO   ] [SOCKET      ] Performing independent network socket cross-check for port 22...
[2026-09-30 11:44:50] [WARN   ] [SOCKET      ] Port 22 is NOT LISTENING (no bound TCP sockets detected)
[2026-09-30 11:44:50] [INFO   ] [EVAL        ] Combined Result: ❌ SSH is NOT INSTALLED (neither 'ssh' nor 'sshd' service found on this system, and port 22 is not listening)
[2026-09-30 11:45:44] [INFO   ] [DETECT      ] Evaluating Candidate 1: 'ssh' (Debian/Ubuntu standard)...
[2026-09-30 11:45:44] [INFO   ] [DETECT      ] Candidate 1 ('ssh') not found. Evaluating Candidate 2: 'sshd' (RHEL/CentOS standard)...
[2026-09-30 11:45:44] [WARN   ] [DETECT      ] Neither 'ssh' nor 'sshd' service found on this system
[2026-09-30 11:45:44] [WARN   ] [ACTIVE      ] Active state: NOT INSTALLED (Neither 'ssh' nor 'sshd' service is installed or registered)
[2026-09-30 11:45:44] [WARN   ] [ENABLED     ] Boot persistence: NOT INSTALLED
[2026-09-30 11:45:44] [INFO   ] [SOCKET      ] Performing independent network socket cross-check for port 22...
[2026-09-30 11:45:44] [WARN   ] [SOCKET      ] Port 22 is NOT LISTENING (no bound TCP sockets detected)
[2026-09-30 11:45:44] [INFO   ] [EVAL        ] Combined Result: ❌ SSH is NOT INSTALLED (neither 'ssh' nor 'sshd' service found on this system, and port 22 is not listening)
[2026-09-30 11:46:19] [INFO   ] [DETECT      ] Testing user-specified override service candidate: 'cron'
[2026-09-30 11:46:19] [INFO   ] [ACTIVE      ] Executing systemd check: 'systemctl is-active cron'...
[2026-09-30 11:46:19] [SUCCESS] [ACTIVE      ] Service 'cron' is ACTIVE (exit code 0)
[2026-09-30 11:46:20] [INFO   ] [ENABLED     ] Executing systemd check: 'systemctl is-enabled cron'...
[2026-09-30 11:46:20] [SUCCESS] [ENABLED     ] Service 'cron' is ENABLED at boot (code 0)
[2026-09-30 11:46:20] [INFO   ] [SOCKET      ] Performing independent network socket cross-check for port 53...
[2026-09-30 11:46:20] [SUCCESS] [SOCKET      ] Port 53 is LISTENING. Match: LISTEN 0 1000 10.255.255.254:53 0.0.0.0:* 
[2026-09-30 11:46:20] [INFO   ] [EVAL        ] Combined Result: ✅ SSH ('cron') is ACTIVE, ENABLED at boot, and LISTENING on port 53
[2026-09-30 11:46:46] [INFO   ] [DETECT      ] Evaluating Candidate 1: 'ssh' (Debian/Ubuntu standard)...
[2026-09-30 11:46:46] [INFO   ] [DETECT      ] Candidate 1 ('ssh') not found. Evaluating Candidate 2: 'sshd' (RHEL/CentOS standard)...
[2026-09-30 11:46:46] [WARN   ] [DETECT      ] Neither 'ssh' nor 'sshd' service found on this system
[2026-09-30 11:46:46] [WARN   ] [ACTIVE      ] Active state: NOT INSTALLED (Neither 'ssh' nor 'sshd' service is installed or registered)
[2026-09-30 11:46:46] [WARN   ] [ENABLED     ] Boot persistence: NOT INSTALLED
[2026-09-30 11:46:46] [INFO   ] [SOCKET      ] Performing independent network socket cross-check for port 22...
[2026-09-30 11:46:46] [WARN   ] [SOCKET      ] Port 22 is NOT LISTENING (no bound TCP sockets detected)
[2026-09-30 11:46:46] [INFO   ] [EVAL        ] Combined Result: ❌ SSH is NOT INSTALLED (neither 'ssh' nor 'sshd' service found on this system, and port 22 is not listening)
[2026-09-30 16:45:01] [INFO   ] [DETECT      ] Evaluating Candidate 1: 'ssh' (Debian/Ubuntu standard)...
[2026-09-30 16:45:01] [INFO   ] [DETECT      ] Candidate 1 ('ssh') not found. Evaluating Candidate 2: 'sshd' (RHEL/CentOS standard)...
[2026-09-30 16:45:02] [WARN   ] [DETECT      ] Neither 'ssh' nor 'sshd' service found on this system
[2026-09-30 16:45:02] [WARN   ] [ACTIVE      ] Active state: NOT INSTALLED (Neither 'ssh' nor 'sshd' service is installed or registered)
[2026-09-30 16:45:02] [WARN   ] [ENABLED     ] Boot persistence: NOT INSTALLED
[2026-09-30 16:45:02] [INFO   ] [SOCKET      ] Performing independent network socket cross-check for port 22...
[2026-09-30 16:45:02] [WARN   ] [SOCKET      ] Port 22 is NOT LISTENING (no bound TCP sockets detected)
[2026-09-30 16:45:02] [INFO   ] [EVAL        ] Combined Result: ❌ SSH is NOT INSTALLED (neither 'ssh' nor 'sshd' service found on this system, and port 22 is not listening)
