[2026-10-07 11:39:43 IST] [INFO] Initiating cleanup scan on '/mnt/d/Users/Dell/Downloads/Projects/LSA/Automation_sprint/AS_09/sandbox_data/tmp', threshold: >7 days, dry_run: true
[2026-10-07 11:39:43 IST] [RETAINED] Retained active file: /mnt/d/Users/Dell/Downloads/Projects/LSA/Automation_sprint/AS_09/sandbox_data/tmp/active_user_token.tmp (1d old < 7d)
[2026-10-07 11:39:44 IST] [DRY_RUN] Identified stale file for deletion: /mnt/d/Users/Dell/Downloads/Projects/LSA/Automation_sprint/AS_09/sandbox_data/tmp/build_artifact_expired.bin (25 B, 30d old)
[2026-10-07 11:39:44 IST] [DRY_RUN] Identified stale file for deletion: /mnt/d/Users/Dell/Downloads/Projects/LSA/Automation_sprint/AS_09/sandbox_data/tmp/crash_dump_old.dmp (21 B, 20d old)
[2026-10-07 11:39:44 IST] [RETAINED] Retained active file: /mnt/d/Users/Dell/Downloads/Projects/LSA/Automation_sprint/AS_09/sandbox_data/tmp/current_session.lock (2d old < 7d)
[2026-10-07 11:39:44 IST] [RETAINED] Retained active file: /mnt/d/Users/Dell/Downloads/Projects/LSA/Automation_sprint/AS_09/sandbox_data/tmp/recent_metrics.log (0d old < 7d)
[2026-10-07 11:39:44 IST] [DRY_RUN] Identified stale file for deletion: /mnt/d/Users/Dell/Downloads/Projects/LSA/Automation_sprint/AS_09/sandbox_data/tmp/session_cache_old.tmp (24 B, 14d old)
[2026-10-07 11:39:45 IST] [RETAINED] Retained active file: /mnt/d/Users/Dell/Downloads/Projects/LSA/Automation_sprint/AS_09/sandbox_data/tmp/subcache/nested_fresh.tmp (3d old < 7d)
[2026-10-07 11:39:45 IST] [DRY_RUN] Identified stale file for deletion: /mnt/d/Users/Dell/Downloads/Projects/LSA/Automation_sprint/AS_09/sandbox_data/tmp/subcache/nested_stale.tmp (22 B, 12d old)
[2026-10-07 11:39:45 IST] [DRY_RUN] Identified stale file for deletion: /mnt/d/Users/Dell/Downloads/Projects/LSA/Automation_sprint/AS_09/sandbox_data/tmp/worker_thread_stale.log (28 B, 10d old)
[2026-10-07 11:40:28 IST] [INFO] Initiating cleanup scan on '/mnt/d/Users/Dell/Downloads/Projects/LSA/Automation_sprint/AS_09/sandbox_data/tmp', threshold: >7 days, dry_run: true
[2026-10-07 11:40:28 IST] [RETAINED] Retained active file: /mnt/d/Users/Dell/Downloads/Projects/LSA/Automation_sprint/AS_09/sandbox_data/tmp/active_user_token.tmp (1d old < 7d)
[2026-10-07 11:40:28 IST] [DRY_RUN] Identified stale file for deletion: /mnt/d/Users/Dell/Downloads/Projects/LSA/Automation_sprint/AS_09/sandbox_data/tmp/build_artifact_expired.bin (25 B, 30d old)
[2026-10-07 11:40:28 IST] [DRY_RUN] Identified stale file for deletion: /mnt/d/Users/Dell/Downloads/Projects/LSA/Automation_sprint/AS_09/sandbox_data/tmp/crash_dump_old.dmp (21 B, 20d old)
[2026-10-07 11:40:28 IST] [RETAINED] Retained active file: /mnt/d/Users/Dell/Downloads/Projects/LSA/Automation_sprint/AS_09/sandbox_data/tmp/current_session.lock (2d old < 7d)
[2026-10-07 11:40:29 IST] [RETAINED] Retained active file: /mnt/d/Users/Dell/Downloads/Projects/LSA/Automation_sprint/AS_09/sandbox_data/tmp/recent_metrics.log (0d old < 7d)
[2026-10-07 11:40:29 IST] [DRY_RUN] Identified stale file for deletion: /mnt/d/Users/Dell/Downloads/Projects/LSA/Automation_sprint/AS_09/sandbox_data/tmp/session_cache_old.tmp (24 B, 14d old)
[2026-10-07 11:40:29 IST] [RETAINED] Retained active file: /mnt/d/Users/Dell/Downloads/Projects/LSA/Automation_sprint/AS_09/sandbox_data/tmp/subcache/nested_fresh.tmp (3d old < 7d)
[2026-10-07 11:40:29 IST] [DRY_RUN] Identified stale file for deletion: /mnt/d/Users/Dell/Downloads/Projects/LSA/Automation_sprint/AS_09/sandbox_data/tmp/subcache/nested_stale.tmp (22 B, 12d old)
[2026-10-07 11:40:29 IST] [DRY_RUN] Identified stale file for deletion: /mnt/d/Users/Dell/Downloads/Projects/LSA/Automation_sprint/AS_09/sandbox_data/tmp/worker_thread_stale.log (28 B, 10d old)
[2026-10-07 11:42:33 IST] [INFO] Initiating cleanup scan on '/mnt/d/Users/Dell/Downloads/Projects/LSA/Automation_sprint/AS_09/sandbox_data/tmp', threshold: >7 days, dry_run: false
[2026-10-07 11:42:33 IST] [RETAINED] Retained active file: /mnt/d/Users/Dell/Downloads/Projects/LSA/Automation_sprint/AS_09/sandbox_data/tmp/active_user_token.tmp (1d old < 7d)
[2026-10-07 11:42:33 IST] [DELETED] Removed stale file: /mnt/d/Users/Dell/Downloads/Projects/LSA/Automation_sprint/AS_09/sandbox_data/tmp/build_artifact_expired.bin (25 B, 30d old)
[2026-10-07 11:42:33 IST] [DELETED] Removed stale file: /mnt/d/Users/Dell/Downloads/Projects/LSA/Automation_sprint/AS_09/sandbox_data/tmp/crash_dump_old.dmp (21 B, 20d old)
[2026-10-07 11:42:33 IST] [RETAINED] Retained active file: /mnt/d/Users/Dell/Downloads/Projects/LSA/Automation_sprint/AS_09/sandbox_data/tmp/current_session.lock (2d old < 7d)
[2026-10-07 11:42:34 IST] [RETAINED] Retained active file: /mnt/d/Users/Dell/Downloads/Projects/LSA/Automation_sprint/AS_09/sandbox_data/tmp/recent_metrics.log (0d old < 7d)
[2026-10-07 11:42:34 IST] [DELETED] Removed stale file: /mnt/d/Users/Dell/Downloads/Projects/LSA/Automation_sprint/AS_09/sandbox_data/tmp/session_cache_old.tmp (24 B, 14d old)
[2026-10-07 11:42:34 IST] [RETAINED] Retained active file: /mnt/d/Users/Dell/Downloads/Projects/LSA/Automation_sprint/AS_09/sandbox_data/tmp/subcache/nested_fresh.tmp (3d old < 7d)
[2026-10-07 11:42:34 IST] [DELETED] Removed stale file: /mnt/d/Users/Dell/Downloads/Projects/LSA/Automation_sprint/AS_09/sandbox_data/tmp/subcache/nested_stale.tmp (22 B, 12d old)
[2026-10-07 11:42:34 IST] [DELETED] Removed stale file: /mnt/d/Users/Dell/Downloads/Projects/LSA/Automation_sprint/AS_09/sandbox_data/tmp/worker_thread_stale.log (28 B, 10d old)
