[2026-10-07 11:32:17 IST] [INFO] Executing large file scan on '/mnt/d/Users/Dell/Downloads/Projects/LSA/Automation_sprint/AS_08/sandbox_data' for files > 10M
[2026-10-07 11:32:18 IST] [LARGE_FILE] Rank #1: /mnt/d/Users/Dell/Downloads/Projects/LSA/Automation_sprint/AS_08/sandbox_data/dump_core_25M.raw (25.00 MB, 26214400 bytes, pankaj:pankaj)
[2026-10-07 11:32:18 IST] [LARGE_FILE] Rank #2: /mnt/d/Users/Dell/Downloads/Projects/LSA/Automation_sprint/AS_08/sandbox_data/database_export_15M.sql (15.00 MB, 15728640 bytes, pankaj:pankaj)
[2026-10-07 11:32:48 IST] [INFO] Executing large file scan on '/mnt/d/Users/Dell/Downloads/Projects/LSA/Automation_sprint/AS_08/sandbox_data' for files > 5M
[2026-10-07 11:32:48 IST] [LARGE_FILE] Rank #1: /mnt/d/Users/Dell/Downloads/Projects/LSA/Automation_sprint/AS_08/sandbox_data/dump_core_25M.raw (25.00 MB, 26214400 bytes, pankaj:pankaj)
[2026-10-07 11:32:48 IST] [LARGE_FILE] Rank #2: /mnt/d/Users/Dell/Downloads/Projects/LSA/Automation_sprint/AS_08/sandbox_data/database_export_15M.sql (15.00 MB, 15728640 bytes, pankaj:pankaj)
[2026-10-07 11:32:48 IST] [LARGE_FILE] Rank #3: /mnt/d/Users/Dell/Downloads/Projects/LSA/Automation_sprint/AS_08/sandbox_data/debug_trace_8M.log (8.00 MB, 8388608 bytes, pankaj:pankaj)
[2026-10-07 11:33:04 IST] [INFO] Executing large file scan on '/var/log' for files > 1M
[2026-10-07 11:33:05 IST] [LARGE_FILE] Rank #1: /var/log/journal/142dcae1c8d14e47b5bb0bb851fd23b9/system.journal (16.00 MB, 16777216 bytes, root:systemd-journal)
[2026-10-07 11:33:05 IST] [LARGE_FILE] Rank #2: /var/log/journal/142dcae1c8d14e47b5bb0bb851fd23b9/user-1000@00065cbec4038c0d-9550ca0d7cfc2afe.journal~ (8.00 MB, 8388608 bytes, root:systemd-journal)
[2026-10-07 11:33:05 IST] [LARGE_FILE] Rank #3: /var/log/journal/142dcae1c8d14e47b5bb0bb851fd23b9/user-1000@00065cb0a3c6fabe-d5aa63d3ee2e9e7a.journal~ (8.00 MB, 8388608 bytes, root:systemd-journal)
[2026-10-07 11:33:05 IST] [LARGE_FILE] Rank #4: /var/log/journal/142dcae1c8d14e47b5bb0bb851fd23b9/user-1000@00065cada736520c-465196982ab40624.journal~ (8.00 MB, 8388608 bytes, root:systemd-journal)
[2026-10-07 11:33:05 IST] [LARGE_FILE] Rank #5: /var/log/journal/142dcae1c8d14e47b5bb0bb851fd23b9/user-1000@00065cad9db3358e-60315468b4717ffa.journal~ (8.00 MB, 8388608 bytes, root:systemd-journal)
[2026-10-07 11:33:05 IST] [LARGE_FILE] Rank #6: /var/log/journal/142dcae1c8d14e47b5bb0bb851fd23b9/user-1000@00065ca2b0f340cc-506abee1558caa1d.journal~ (8.00 MB, 8388608 bytes, root:systemd-journal)
[2026-10-07 11:33:05 IST] [LARGE_FILE] Rank #7: /var/log/journal/142dcae1c8d14e47b5bb0bb851fd23b9/user-1000@00065c9fbf963245-4151486aa9cae068.journal~ (8.00 MB, 8388608 bytes, root:systemd-journal)
[2026-10-07 11:33:05 IST] [LARGE_FILE] Rank #8: /var/log/journal/142dcae1c8d14e47b5bb0bb851fd23b9/user-1000@00065c9fbc8a6b45-c24e2e6b606f33e9.journal~ (8.00 MB, 8388608 bytes, root:systemd-journal)
[2026-10-07 11:33:05 IST] [LARGE_FILE] Rank #9: /var/log/journal/142dcae1c8d14e47b5bb0bb851fd23b9/user-1000@00065c9fb7e00f44-878b8404f9d83be1.journal~ (8.00 MB, 8388608 bytes, root:systemd-journal)
[2026-10-07 11:33:05 IST] [LARGE_FILE] Rank #10: /var/log/journal/142dcae1c8d14e47b5bb0bb851fd23b9/user-1000@00065c9fb1dd1fc0-5aa60d0685a3ac50.journal~ (8.00 MB, 8388608 bytes, root:systemd-journal)
[2026-10-07 11:33:05 IST] [LARGE_FILE] Rank #11: /var/log/journal/142dcae1c8d14e47b5bb0bb851fd23b9/user-1000@00065c9fa93d8fc2-92c9b4d5fa6f1d35.journal~ (8.00 MB, 8388608 bytes, root:systemd-journal)
[2026-10-07 11:33:05 IST] [LARGE_FILE] Rank #12: /var/log/journal/142dcae1c8d14e47b5bb0bb851fd23b9/user-1000@00065c9fa50ee8d2-ce9014577b210acd.journal~ (8.00 MB, 8388608 bytes, root:systemd-journal)
[2026-10-07 11:33:06 IST] [LARGE_FILE] Rank #13: /var/log/journal/142dcae1c8d14e47b5bb0bb851fd23b9/user-1000@00065c9f9e1fd1f4-50ce0ab807d2ddd1.journal~ (8.00 MB, 8388608 bytes, root:systemd-journal)
[2026-10-07 11:33:06 IST] [LARGE_FILE] Rank #14: /var/log/journal/142dcae1c8d14e47b5bb0bb851fd23b9/user-1000@00065c9f934e7841-3dacd4578ac063cf.journal~ (8.00 MB, 8388608 bytes, root:systemd-journal)
[2026-10-07 11:33:06 IST] [LARGE_FILE] Rank #15: /var/log/journal/142dcae1c8d14e47b5bb0bb851fd23b9/user-1000@00065c9f8aeb058c-fd6409a727f7bc89.journal~ (8.00 MB, 8388608 bytes, root:systemd-journal)
[2026-10-07 11:33:06 IST] [LARGE_FILE] Rank #16: /var/log/journal/142dcae1c8d14e47b5bb0bb851fd23b9/user-1000@00065c9f7ee8c3a5-9bee0c3d7b6b6aa6.journal~ (8.00 MB, 8388608 bytes, root:systemd-journal)
[2026-10-07 11:33:06 IST] [LARGE_FILE] Rank #17: /var/log/journal/142dcae1c8d14e47b5bb0bb851fd23b9/user-1000@00065c9f7cbc6687-28a53aca551564b4.journal~ (8.00 MB, 8388608 bytes, root:systemd-journal)
[2026-10-07 11:33:06 IST] [LARGE_FILE] Rank #18: /var/log/journal/142dcae1c8d14e47b5bb0bb851fd23b9/user-1000@00065c9f7230efe2-f0a1b20ffbaa3eba.journal~ (8.00 MB, 8388608 bytes, root:systemd-journal)
[2026-10-07 11:33:06 IST] [LARGE_FILE] Rank #19: /var/log/journal/142dcae1c8d14e47b5bb0bb851fd23b9/user-1000@00065c9f5dbf1052-8bbdedf53fe19429.journal~ (8.00 MB, 8388608 bytes, root:systemd-journal)
[2026-10-07 11:33:06 IST] [LARGE_FILE] Rank #20: /var/log/journal/142dcae1c8d14e47b5bb0bb851fd23b9/user-1000@00065c9f373c2ba0-7fcd32bb78dc95d0.journal~ (8.00 MB, 8388608 bytes, root:systemd-journal)
[2026-10-07 11:33:06 IST] [LARGE_FILE] Rank #21: /var/log/journal/142dcae1c8d14e47b5bb0bb851fd23b9/user-1000@00065c9f2117b452-6d8316ad7f22feb5.journal~ (8.00 MB, 8388608 bytes, root:systemd-journal)
[2026-10-07 11:33:06 IST] [LARGE_FILE] Rank #22: /var/log/journal/142dcae1c8d14e47b5bb0bb851fd23b9/user-1000@00065c9f152eb562-179f8210720aad0b.journal~ (8.00 MB, 8388608 bytes, root:systemd-journal)
[2026-10-07 11:33:07 IST] [LARGE_FILE] Rank #23: /var/log/journal/142dcae1c8d14e47b5bb0bb851fd23b9/user-1000@00065c9efd694e30-e1e392103cbd3c37.journal~ (8.00 MB, 8388608 bytes, root:systemd-journal)
[2026-10-07 11:33:07 IST] [LARGE_FILE] Rank #24: /var/log/journal/142dcae1c8d14e47b5bb0bb851fd23b9/user-1000@00065c9ef046db6c-6d043c1e8af92d5b.journal~ (8.00 MB, 8388608 bytes, root:systemd-journal)
[2026-10-07 11:33:07 IST] [LARGE_FILE] Rank #25: /var/log/journal/142dcae1c8d14e47b5bb0bb851fd23b9/user-1000@00065c9eb902b943-be4e1a6fed2555ff.journal~ (8.00 MB, 8388608 bytes, root:systemd-journal)
[2026-10-07 11:33:07 IST] [LARGE_FILE] Rank #26: /var/log/journal/142dcae1c8d14e47b5bb0bb851fd23b9/user-1000@00065c9e997833ab-04843d7eed7b8290.journal~ (8.00 MB, 8388608 bytes, root:systemd-journal)
[2026-10-07 11:33:07 IST] [LARGE_FILE] Rank #27: /var/log/journal/142dcae1c8d14e47b5bb0bb851fd23b9/user-1000@00065c9e86deefb7-c9b2503a576c70dd.journal~ (8.00 MB, 8388608 bytes, root:systemd-journal)
[2026-10-07 11:33:07 IST] [LARGE_FILE] Rank #28: /var/log/journal/142dcae1c8d14e47b5bb0bb851fd23b9/user-1000@00065c97536cf2f6-f5eec0f66437ba4f.journal~ (8.00 MB, 8388608 bytes, root:systemd-journal)
[2026-10-07 11:33:07 IST] [LARGE_FILE] Rank #29: /var/log/journal/142dcae1c8d14e47b5bb0bb851fd23b9/user-1000@00065c965c700164-6ff9e536f6864797.journal~ (8.00 MB, 8388608 bytes, root:systemd-journal)
[2026-10-07 11:33:07 IST] [LARGE_FILE] Rank #30: /var/log/journal/142dcae1c8d14e47b5bb0bb851fd23b9/user-1000@00065c830a019f5c-22de3fbebb3aa5f3.journal~ (8.00 MB, 8388608 bytes, root:systemd-journal)
[2026-10-07 11:33:07 IST] [LARGE_FILE] Rank #31: /var/log/journal/142dcae1c8d14e47b5bb0bb851fd23b9/user-1000@00065c3430162d94-3609233f2e7a7d46.journal~ (8.00 MB, 8388608 bytes, root:systemd-journal)
[2026-10-07 11:33:07 IST] [LARGE_FILE] Rank #32: /var/log/journal/142dcae1c8d14e47b5bb0bb851fd23b9/user-1000@00065c325fcf371f-b53b77a438ed9c21.journal~ (8.00 MB, 8388608 bytes, root:systemd-journal)
[2026-10-07 11:33:07 IST] [LARGE_FILE] Rank #33: /var/log/journal/142dcae1c8d14e47b5bb0bb851fd23b9/user-1000@00065c20112b368a-a05f04fdf3bf830e.journal~ (8.00 MB, 8388608 bytes, root:systemd-journal)
[2026-10-07 11:33:07 IST] [LARGE_FILE] Rank #34: /var/log/journal/142dcae1c8d14e47b5bb0bb851fd23b9/user-1000@00065c1ff16a7a4c-51130ce35465035a.journal~ (8.00 MB, 8388608 bytes, root:systemd-journal)
[2026-10-07 11:33:07 IST] [LARGE_FILE] Rank #35: /var/log/journal/142dcae1c8d14e47b5bb0bb851fd23b9/user-1000@00065c0aa1e68b06-fc1ad451782d3e02.journal~ (8.00 MB, 8388608 bytes, root:systemd-journal)
[2026-10-07 11:33:08 IST] [LARGE_FILE] Rank #36: /var/log/journal/142dcae1c8d14e47b5bb0bb851fd23b9/user-1000@00065c0a902bf150-6733ddbbd13d337e.journal~ (8.00 MB, 8388608 bytes, root:systemd-journal)
[2026-10-07 11:33:08 IST] [LARGE_FILE] Rank #37: /var/log/journal/142dcae1c8d14e47b5bb0bb851fd23b9/user-1000@00065b1a851d3faa-85121c50b8901173.journal~ (8.00 MB, 8388608 bytes, root:systemd-journal)
[2026-10-07 11:33:08 IST] [LARGE_FILE] Rank #38: /var/log/journal/142dcae1c8d14e47b5bb0bb851fd23b9/user-1000@00065b066b9e4e4d-02715a4cde9a063e.journal~ (8.00 MB, 8388608 bytes, root:systemd-journal)
[2026-10-07 11:33:08 IST] [LARGE_FILE] Rank #39: /var/log/journal/142dcae1c8d14e47b5bb0bb851fd23b9/user-1000@00065afb510ff518-85c923e53a6e8e4e.journal~ (8.00 MB, 8388608 bytes, root:systemd-journal)
[2026-10-07 11:33:08 IST] [LARGE_FILE] Rank #40: /var/log/journal/142dcae1c8d14e47b5bb0bb851fd23b9/user-1000@00065af096667479-f6559e15597dec65.journal~ (8.00 MB, 8388608 bytes, root:systemd-journal)
[2026-10-07 11:33:08 IST] [LARGE_FILE] Rank #41: /var/log/journal/142dcae1c8d14e47b5bb0bb851fd23b9/user-1000@00065ae2528594d1-fc5f02f6323595bf.journal~ (8.00 MB, 8388608 bytes, root:systemd-journal)
[2026-10-07 11:33:08 IST] [LARGE_FILE] Rank #42: /var/log/journal/142dcae1c8d14e47b5bb0bb851fd23b9/user-1000@00065adcbe0a4de2-c76a6e181bfb530a.journal~ (8.00 MB, 8388608 bytes, root:systemd-journal)
[2026-10-07 11:33:08 IST] [LARGE_FILE] Rank #43: /var/log/journal/142dcae1c8d14e47b5bb0bb851fd23b9/user-1000@00065acba9522787-1e633c0702a2075a.journal~ (8.00 MB, 8388608 bytes, root:systemd-journal)
[2026-10-07 11:33:08 IST] [LARGE_FILE] Rank #44: /var/log/journal/142dcae1c8d14e47b5bb0bb851fd23b9/user-1000.journal (8.00 MB, 8388608 bytes, root:systemd-journal)
[2026-10-07 11:33:08 IST] [LARGE_FILE] Rank #45: /var/log/journal/142dcae1c8d14e47b5bb0bb851fd23b9/system@00065cbec3955cd4-a7f2b832dc4e078d.journal~ (8.00 MB, 8388608 bytes, root:systemd-journal)
[2026-10-07 11:33:08 IST] [LARGE_FILE] Rank #46: /var/log/journal/142dcae1c8d14e47b5bb0bb851fd23b9/system@00065cb0a2fd70dd-48bb6bc6c8b5003a.journal~ (8.00 MB, 8388608 bytes, root:systemd-journal)
[2026-10-07 11:33:08 IST] [LARGE_FILE] Rank #47: /var/log/journal/142dcae1c8d14e47b5bb0bb851fd23b9/system@00065cadc59a6e9a-824a79255ebe1bfa.journal~ (8.00 MB, 8388608 bytes, root:systemd-journal)
[2026-10-07 11:33:08 IST] [LARGE_FILE] Rank #48: /var/log/journal/142dcae1c8d14e47b5bb0bb851fd23b9/system@00065cada5c7f293-e5f7e42c42cd75d1.journal~ (8.00 MB, 8388608 bytes, root:systemd-journal)
[2026-10-07 11:33:08 IST] [LARGE_FILE] Rank #49: /var/log/journal/142dcae1c8d14e47b5bb0bb851fd23b9/system@00065cad9c995a65-e42e3fe487a1cbf7.journal~ (8.00 MB, 8388608 bytes, root:systemd-journal)
[2026-10-07 11:33:09 IST] [LARGE_FILE] Rank #50: /var/log/journal/142dcae1c8d14e47b5bb0bb851fd23b9/system@00065ca2b0177f42-38a6317732624e6b.journal~ (8.00 MB, 8388608 bytes, root:systemd-journal)
[2026-10-07 11:33:09 IST] [LARGE_FILE] Rank #51: /var/log/journal/142dcae1c8d14e47b5bb0bb851fd23b9/system@00065c9fbf267c4a-4808ecc8bc84341c.journal~ (8.00 MB, 8388608 bytes, root:systemd-journal)
[2026-10-07 11:33:09 IST] [LARGE_FILE] Rank #52: /var/log/journal/142dcae1c8d14e47b5bb0bb851fd23b9/system@00065c9fbbf44b6b-5c4820b33c03e240.journal~ (8.00 MB, 8388608 bytes, root:systemd-journal)
[2026-10-07 11:33:09 IST] [LARGE_FILE] Rank #53: /var/log/journal/142dcae1c8d14e47b5bb0bb851fd23b9/system@00065c9fb73a4663-7996a54db8c4f7ac.journal~ (8.00 MB, 8388608 bytes, root:systemd-journal)
[2026-10-07 11:33:09 IST] [LARGE_FILE] Rank #54: /var/log/journal/142dcae1c8d14e47b5bb0bb851fd23b9/system@00065c9fb15eaf38-6a64d3aed736efbf.journal~ (8.00 MB, 8388608 bytes, root:systemd-journal)
[2026-10-07 11:33:09 IST] [LARGE_FILE] Rank #55: /var/log/journal/142dcae1c8d14e47b5bb0bb851fd23b9/system@00065c9fa8a4b1a4-868cca56e9017336.journal~ (8.00 MB, 8388608 bytes, root:systemd-journal)
[2026-10-07 11:33:09 IST] [LARGE_FILE] Rank #56: /var/log/journal/142dcae1c8d14e47b5bb0bb851fd23b9/system@00065c9fa496bdaa-99faf70995ddd18d.journal~ (8.00 MB, 8388608 bytes, root:systemd-journal)
[2026-10-07 11:33:09 IST] [LARGE_FILE] Rank #57: /var/log/journal/142dcae1c8d14e47b5bb0bb851fd23b9/system@00065c9f9d8af3bd-1aeb8c25a48d0268.journal~ (8.00 MB, 8388608 bytes, root:systemd-journal)
[2026-10-07 11:33:09 IST] [LARGE_FILE] Rank #58: /var/log/journal/142dcae1c8d14e47b5bb0bb851fd23b9/system@00065c9f92b1d33a-263da1e623f0140e.journal~ (8.00 MB, 8388608 bytes, root:systemd-journal)
[2026-10-07 11:33:09 IST] [LARGE_FILE] Rank #59: /var/log/journal/142dcae1c8d14e47b5bb0bb851fd23b9/system@00065c9f8a49e291-1d92fdbc64d031d1.journal~ (8.00 MB, 8388608 bytes, root:systemd-journal)
[2026-10-07 11:33:09 IST] [LARGE_FILE] Rank #60: /var/log/journal/142dcae1c8d14e47b5bb0bb851fd23b9/system@00065c9f7e8264ed-51ffe9ce1e0352e6.journal~ (8.00 MB, 8388608 bytes, root:systemd-journal)
[2026-10-07 11:33:09 IST] [LARGE_FILE] Rank #61: /var/log/journal/142dcae1c8d14e47b5bb0bb851fd23b9/system@00065c9f7c165179-6cb29af72c86bfc7.journal~ (8.00 MB, 8388608 bytes, root:systemd-journal)
[2026-10-07 11:33:09 IST] [LARGE_FILE] Rank #62: /var/log/journal/142dcae1c8d14e47b5bb0bb851fd23b9/system@00065c9f7185b39b-122990410bc5896b.journal~ (8.00 MB, 8388608 bytes, root:systemd-journal)
[2026-10-07 11:33:10 IST] [LARGE_FILE] Rank #63: /var/log/journal/142dcae1c8d14e47b5bb0bb851fd23b9/system@00065c9f5d1f6c8a-2e95ec794147eebd.journal~ (8.00 MB, 8388608 bytes, root:systemd-journal)
[2026-10-07 11:33:10 IST] [LARGE_FILE] Rank #64: /var/log/journal/142dcae1c8d14e47b5bb0bb851fd23b9/system@00065c9f3695af8d-d3153563d07c037e.journal~ (8.00 MB, 8388608 bytes, root:systemd-journal)
[2026-10-07 11:33:10 IST] [LARGE_FILE] Rank #65: /var/log/journal/142dcae1c8d14e47b5bb0bb851fd23b9/system@00065c9f206c15c2-22e1d6c3bd139265.journal~ (8.00 MB, 8388608 bytes, root:systemd-journal)
[2026-10-07 11:33:10 IST] [LARGE_FILE] Rank #66: /var/log/journal/142dcae1c8d14e47b5bb0bb851fd23b9/system@00065c9f144ce29e-2e23a398d70aa841.journal~ (8.00 MB, 8388608 bytes, root:systemd-journal)
[2026-10-07 11:33:10 IST] [LARGE_FILE] Rank #67: /var/log/journal/142dcae1c8d14e47b5bb0bb851fd23b9/system@00065c9efca16f83-ceeef571037d8aae.journal~ (8.00 MB, 8388608 bytes, root:systemd-journal)
[2026-10-07 11:33:10 IST] [LARGE_FILE] Rank #68: /var/log/journal/142dcae1c8d14e47b5bb0bb851fd23b9/system@00065c9eef73664b-68c4dedd56c0533a.journal~ (8.00 MB, 8388608 bytes, root:systemd-journal)
[2026-10-07 11:33:10 IST] [LARGE_FILE] Rank #69: /var/log/journal/142dcae1c8d14e47b5bb0bb851fd23b9/system@00065c9ede533b61-2201651237c82f2c.journal~ (8.00 MB, 8388608 bytes, root:systemd-journal)
[2026-10-07 11:33:10 IST] [LARGE_FILE] Rank #70: /var/log/journal/142dcae1c8d14e47b5bb0bb851fd23b9/system@00065c9ec948c275-966b976bb9bdd15b.journal~ (8.00 MB, 8388608 bytes, root:systemd-journal)
[2026-10-07 11:33:10 IST] [LARGE_FILE] Rank #71: /var/log/journal/142dcae1c8d14e47b5bb0bb851fd23b9/system@00065c9eb7fb62f3-2e7d87ecb2f77495.journal~ (8.00 MB, 8388608 bytes, root:systemd-journal)
[2026-10-07 11:33:10 IST] [LARGE_FILE] Rank #72: /var/log/journal/142dcae1c8d14e47b5bb0bb851fd23b9/system@00065c9e9878796b-156c3e17e82c79e7.journal~ (8.00 MB, 8388608 bytes, root:systemd-journal)
[2026-10-07 11:33:10 IST] [LARGE_FILE] Rank #73: /var/log/journal/142dcae1c8d14e47b5bb0bb851fd23b9/system@00065c9e85af8c1f-980bb791d4a45c35.journal~ (8.00 MB, 8388608 bytes, root:systemd-journal)
[2026-10-07 11:33:10 IST] [LARGE_FILE] Rank #74: /var/log/journal/142dcae1c8d14e47b5bb0bb851fd23b9/system@00065c9752cea6d2-d6fe68a9a7c7d6fb.journal~ (8.00 MB, 8388608 bytes, root:systemd-journal)
[2026-10-07 11:33:10 IST] [LARGE_FILE] Rank #75: /var/log/journal/142dcae1c8d14e47b5bb0bb851fd23b9/system@00065c965b82b1a5-9db4f0b1d4098d61.journal~ (8.00 MB, 8388608 bytes, root:systemd-journal)
[2026-10-07 11:33:11 IST] [LARGE_FILE] Rank #76: /var/log/journal/142dcae1c8d14e47b5bb0bb851fd23b9/system@00065c964418f902-ee68daf87c5ab910.journal~ (8.00 MB, 8388608 bytes, root:systemd-journal)
[2026-10-07 11:33:11 IST] [LARGE_FILE] Rank #77: /var/log/journal/142dcae1c8d14e47b5bb0bb851fd23b9/system@00065c83081d0675-3f7b4834c71b6575.journal~ (8.00 MB, 8388608 bytes, root:systemd-journal)
[2026-10-07 11:33:11 IST] [LARGE_FILE] Rank #78: /var/log/journal/142dcae1c8d14e47b5bb0bb851fd23b9/system@00065c342f557d54-e83ebe3f8363e0e0.journal~ (8.00 MB, 8388608 bytes, root:systemd-journal)
[2026-10-07 11:33:11 IST] [LARGE_FILE] Rank #79: /var/log/journal/142dcae1c8d14e47b5bb0bb851fd23b9/system@00065c325ea59a2d-e57349d55a663fb5.journal~ (8.00 MB, 8388608 bytes, root:systemd-journal)
[2026-10-07 11:33:11 IST] [LARGE_FILE] Rank #80: /var/log/journal/142dcae1c8d14e47b5bb0bb851fd23b9/system@00065c215d0809b2-b947708f9456c1d7.journal~ (8.00 MB, 8388608 bytes, root:systemd-journal)
[2026-10-07 11:33:11 IST] [LARGE_FILE] Rank #81: /var/log/journal/142dcae1c8d14e47b5bb0bb851fd23b9/system@00065c2010ac26c0-4760bb4d8ba7c2e2.journal~ (8.00 MB, 8388608 bytes, root:systemd-journal)
[2026-10-07 11:33:11 IST] [LARGE_FILE] Rank #82: /var/log/journal/142dcae1c8d14e47b5bb0bb851fd23b9/system@00065c1ff052037a-dfd051e4040f1c0a.journal~ (8.00 MB, 8388608 bytes, root:systemd-journal)
[2026-10-07 11:33:11 IST] [LARGE_FILE] Rank #83: /var/log/journal/142dcae1c8d14e47b5bb0bb851fd23b9/system@00065c1722a0edd9-139129403d1d5ff8.journal~ (8.00 MB, 8388608 bytes, root:systemd-journal)
[2026-10-07 11:33:11 IST] [LARGE_FILE] Rank #84: /var/log/journal/142dcae1c8d14e47b5bb0bb851fd23b9/system@00065c16c4df847d-53e10fe41449db45.journal~ (8.00 MB, 8388608 bytes, root:systemd-journal)
[2026-10-07 11:33:11 IST] [LARGE_FILE] Rank #85: /var/log/journal/142dcae1c8d14e47b5bb0bb851fd23b9/system@00065c0aa125cd16-816a93ec50ea5c68.journal~ (8.00 MB, 8388608 bytes, root:systemd-journal)
[2026-10-07 11:33:11 IST] [LARGE_FILE] Rank #86: /var/log/journal/142dcae1c8d14e47b5bb0bb851fd23b9/system@00065c0a8f9d7992-55ab87dc26a185f6.journal~ (8.00 MB, 8388608 bytes, root:systemd-journal)
[2026-10-07 11:33:11 IST] [LARGE_FILE] Rank #87: /var/log/journal/142dcae1c8d14e47b5bb0bb851fd23b9/system@00065c09f0d36982-992959a07628edd1.journal~ (8.00 MB, 8388608 bytes, root:systemd-journal)
[2026-10-07 11:33:12 IST] [LARGE_FILE] Rank #88: /var/log/journal/142dcae1c8d14e47b5bb0bb851fd23b9/system@00065c09d8825f85-87a58b7a9a5c2863.journal~ (8.00 MB, 8388608 bytes, root:systemd-journal)
[2026-10-07 11:33:12 IST] [LARGE_FILE] Rank #89: /var/log/journal/142dcae1c8d14e47b5bb0bb851fd23b9/system@00065bf694c139a4-bed904c6cd25fae9.journal~ (8.00 MB, 8388608 bytes, root:systemd-journal)
[2026-10-07 11:33:12 IST] [LARGE_FILE] Rank #90: /var/log/journal/142dcae1c8d14e47b5bb0bb851fd23b9/system@00065b24578a7f58-708337904cf5371e.journal~ (8.00 MB, 8388608 bytes, root:systemd-journal)
[2026-10-07 11:33:12 IST] [LARGE_FILE] Rank #91: /var/log/journal/142dcae1c8d14e47b5bb0bb851fd23b9/system@00065b213dc0aef9-ae6a57e8bfea5f34.journal~ (8.00 MB, 8388608 bytes, root:systemd-journal)
[2026-10-07 11:33:12 IST] [LARGE_FILE] Rank #92: /var/log/journal/142dcae1c8d14e47b5bb0bb851fd23b9/system@00065b1a8474fa67-8bade00b74810f92.journal~ (8.00 MB, 8388608 bytes, root:systemd-journal)
[2026-10-07 11:33:12 IST] [LARGE_FILE] Rank #93: /var/log/journal/142dcae1c8d14e47b5bb0bb851fd23b9/system@00065b066acd67f8-20b2575eadb6505a.journal~ (8.00 MB, 8388608 bytes, root:systemd-journal)
[2026-10-07 11:33:12 IST] [LARGE_FILE] Rank #94: /var/log/journal/142dcae1c8d14e47b5bb0bb851fd23b9/system@00065afb501703dc-a9e025994b9fdbd0.journal~ (8.00 MB, 8388608 bytes, root:systemd-journal)
[2026-10-07 11:33:12 IST] [LARGE_FILE] Rank #95: /var/log/journal/142dcae1c8d14e47b5bb0bb851fd23b9/system@00065af095bbe38d-331fa7cfcf54a0aa.journal~ (8.00 MB, 8388608 bytes, root:systemd-journal)
[2026-10-07 11:33:12 IST] [LARGE_FILE] Rank #96: /var/log/journal/142dcae1c8d14e47b5bb0bb851fd23b9/system@00065ae26aab4dd2-c96e0bfbfb481450.journal~ (8.00 MB, 8388608 bytes, root:systemd-journal)
[2026-10-07 11:33:12 IST] [LARGE_FILE] Rank #97: /var/log/journal/142dcae1c8d14e47b5bb0bb851fd23b9/system@00065ae25138e347-91a49203cbdb3dea.journal~ (8.00 MB, 8388608 bytes, root:systemd-journal)
[2026-10-07 11:33:12 IST] [LARGE_FILE] Rank #98: /var/log/journal/142dcae1c8d14e47b5bb0bb851fd23b9/system@00065ae21c59654f-043c0af618687a70.journal~ (8.00 MB, 8388608 bytes, root:systemd-journal)
[2026-10-07 11:33:13 IST] [LARGE_FILE] Rank #99: /var/log/journal/142dcae1c8d14e47b5bb0bb851fd23b9/system@00065adcbcf10fe9-50d1630dbc479d57.journal~ (8.00 MB, 8388608 bytes, root:systemd-journal)
[2026-10-07 11:33:13 IST] [LARGE_FILE] Rank #100: /var/log/journal/142dcae1c8d14e47b5bb0bb851fd23b9/system@00065acba855aec4-162a96f2f31f8527.journal~ (8.00 MB, 8388608 bytes, root:systemd-journal)
[2026-10-07 11:33:13 IST] [LARGE_FILE] Rank #101: /var/log/syslog.1 (4.97 MB, 5214487 bytes, syslog:adm)
[2026-10-07 11:33:13 IST] [LARGE_FILE] Rank #102: /var/log/kern.log.1 (2.14 MB, 2246579 bytes, syslog:adm)
[2026-10-07 11:34:15 IST] [INFO] Executing large file scan on '/var/log' for files > 1M
[2026-10-07 11:34:15 IST] [LARGE_FILE] Rank #1: /var/log/journal/142dcae1c8d14e47b5bb0bb851fd23b9/system.journal (16.00 MB, 16777216 bytes, root:systemd-journal)
[2026-10-07 11:34:15 IST] [LARGE_FILE] Rank #2: /var/log/journal/142dcae1c8d14e47b5bb0bb851fd23b9/user-1000@00065cbec4038c0d-9550ca0d7cfc2afe.journal~ (8.00 MB, 8388608 bytes, root:systemd-journal)
[2026-10-07 11:34:15 IST] [LARGE_FILE] Rank #3: /var/log/journal/142dcae1c8d14e47b5bb0bb851fd23b9/user-1000@00065cb0a3c6fabe-d5aa63d3ee2e9e7a.journal~ (8.00 MB, 8388608 bytes, root:systemd-journal)
[2026-10-07 11:34:15 IST] [LARGE_FILE] Rank #4: /var/log/journal/142dcae1c8d14e47b5bb0bb851fd23b9/user-1000@00065cada736520c-465196982ab40624.journal~ (8.00 MB, 8388608 bytes, root:systemd-journal)
[2026-10-07 11:34:15 IST] [LARGE_FILE] Rank #5: /var/log/journal/142dcae1c8d14e47b5bb0bb851fd23b9/user-1000@00065cad9db3358e-60315468b4717ffa.journal~ (8.00 MB, 8388608 bytes, root:systemd-journal)
[2026-10-07 11:34:16 IST] [LARGE_FILE] Rank #6: /var/log/journal/142dcae1c8d14e47b5bb0bb851fd23b9/user-1000@00065ca2b0f340cc-506abee1558caa1d.journal~ (8.00 MB, 8388608 bytes, root:systemd-journal)
[2026-10-07 11:34:16 IST] [LARGE_FILE] Rank #7: /var/log/journal/142dcae1c8d14e47b5bb0bb851fd23b9/user-1000@00065c9fbf963245-4151486aa9cae068.journal~ (8.00 MB, 8388608 bytes, root:systemd-journal)
[2026-10-07 11:34:16 IST] [LARGE_FILE] Rank #8: /var/log/journal/142dcae1c8d14e47b5bb0bb851fd23b9/user-1000@00065c9fbc8a6b45-c24e2e6b606f33e9.journal~ (8.00 MB, 8388608 bytes, root:systemd-journal)
[2026-10-07 11:34:16 IST] [LARGE_FILE] Rank #9: /var/log/journal/142dcae1c8d14e47b5bb0bb851fd23b9/user-1000@00065c9fb7e00f44-878b8404f9d83be1.journal~ (8.00 MB, 8388608 bytes, root:systemd-journal)
[2026-10-07 11:34:17 IST] [LARGE_FILE] Rank #10: /var/log/journal/142dcae1c8d14e47b5bb0bb851fd23b9/user-1000@00065c9fb1dd1fc0-5aa60d0685a3ac50.journal~ (8.00 MB, 8388608 bytes, root:systemd-journal)
[2026-10-07 11:34:17 IST] [LARGE_FILE] Rank #11: /var/log/journal/142dcae1c8d14e47b5bb0bb851fd23b9/user-1000@00065c9fa93d8fc2-92c9b4d5fa6f1d35.journal~ (8.00 MB, 8388608 bytes, root:systemd-journal)
[2026-10-07 11:34:17 IST] [LARGE_FILE] Rank #12: /var/log/journal/142dcae1c8d14e47b5bb0bb851fd23b9/user-1000@00065c9fa50ee8d2-ce9014577b210acd.journal~ (8.00 MB, 8388608 bytes, root:systemd-journal)
[2026-10-07 11:34:17 IST] [LARGE_FILE] Rank #13: /var/log/journal/142dcae1c8d14e47b5bb0bb851fd23b9/user-1000@00065c9f9e1fd1f4-50ce0ab807d2ddd1.journal~ (8.00 MB, 8388608 bytes, root:systemd-journal)
[2026-10-07 11:34:17 IST] [LARGE_FILE] Rank #14: /var/log/journal/142dcae1c8d14e47b5bb0bb851fd23b9/user-1000@00065c9f934e7841-3dacd4578ac063cf.journal~ (8.00 MB, 8388608 bytes, root:systemd-journal)
[2026-10-07 11:34:17 IST] [LARGE_FILE] Rank #15: /var/log/journal/142dcae1c8d14e47b5bb0bb851fd23b9/user-1000@00065c9f8aeb058c-fd6409a727f7bc89.journal~ (8.00 MB, 8388608 bytes, root:systemd-journal)
[2026-10-07 11:34:18 IST] [LARGE_FILE] Rank #16: /var/log/journal/142dcae1c8d14e47b5bb0bb851fd23b9/user-1000@00065c9f7ee8c3a5-9bee0c3d7b6b6aa6.journal~ (8.00 MB, 8388608 bytes, root:systemd-journal)
[2026-10-07 11:34:18 IST] [LARGE_FILE] Rank #17: /var/log/journal/142dcae1c8d14e47b5bb0bb851fd23b9/user-1000@00065c9f7cbc6687-28a53aca551564b4.journal~ (8.00 MB, 8388608 bytes, root:systemd-journal)
[2026-10-07 11:34:18 IST] [LARGE_FILE] Rank #18: /var/log/journal/142dcae1c8d14e47b5bb0bb851fd23b9/user-1000@00065c9f7230efe2-f0a1b20ffbaa3eba.journal~ (8.00 MB, 8388608 bytes, root:systemd-journal)
[2026-10-07 11:34:18 IST] [LARGE_FILE] Rank #19: /var/log/journal/142dcae1c8d14e47b5bb0bb851fd23b9/user-1000@00065c9f5dbf1052-8bbdedf53fe19429.journal~ (8.00 MB, 8388608 bytes, root:systemd-journal)
[2026-10-07 11:34:18 IST] [LARGE_FILE] Rank #20: /var/log/journal/142dcae1c8d14e47b5bb0bb851fd23b9/user-1000@00065c9f373c2ba0-7fcd32bb78dc95d0.journal~ (8.00 MB, 8388608 bytes, root:systemd-journal)
[2026-10-07 11:34:18 IST] [LARGE_FILE] Rank #21: /var/log/journal/142dcae1c8d14e47b5bb0bb851fd23b9/user-1000@00065c9f2117b452-6d8316ad7f22feb5.journal~ (8.00 MB, 8388608 bytes, root:systemd-journal)
[2026-10-07 11:34:18 IST] [LARGE_FILE] Rank #22: /var/log/journal/142dcae1c8d14e47b5bb0bb851fd23b9/user-1000@00065c9f152eb562-179f8210720aad0b.journal~ (8.00 MB, 8388608 bytes, root:systemd-journal)
[2026-10-07 11:34:18 IST] [LARGE_FILE] Rank #23: /var/log/journal/142dcae1c8d14e47b5bb0bb851fd23b9/user-1000@00065c9efd694e30-e1e392103cbd3c37.journal~ (8.00 MB, 8388608 bytes, root:systemd-journal)
[2026-10-07 11:34:18 IST] [LARGE_FILE] Rank #24: /var/log/journal/142dcae1c8d14e47b5bb0bb851fd23b9/user-1000@00065c9ef046db6c-6d043c1e8af92d5b.journal~ (8.00 MB, 8388608 bytes, root:systemd-journal)
[2026-10-07 11:34:18 IST] [LARGE_FILE] Rank #25: /var/log/journal/142dcae1c8d14e47b5bb0bb851fd23b9/user-1000@00065c9eb902b943-be4e1a6fed2555ff.journal~ (8.00 MB, 8388608 bytes, root:systemd-journal)
[2026-10-07 11:34:18 IST] [LARGE_FILE] Rank #26: /var/log/journal/142dcae1c8d14e47b5bb0bb851fd23b9/user-1000@00065c9e997833ab-04843d7eed7b8290.journal~ (8.00 MB, 8388608 bytes, root:systemd-journal)
[2026-10-07 11:34:19 IST] [LARGE_FILE] Rank #27: /var/log/journal/142dcae1c8d14e47b5bb0bb851fd23b9/user-1000@00065c9e86deefb7-c9b2503a576c70dd.journal~ (8.00 MB, 8388608 bytes, root:systemd-journal)
[2026-10-07 11:34:19 IST] [LARGE_FILE] Rank #28: /var/log/journal/142dcae1c8d14e47b5bb0bb851fd23b9/user-1000@00065c97536cf2f6-f5eec0f66437ba4f.journal~ (8.00 MB, 8388608 bytes, root:systemd-journal)
[2026-10-07 11:34:19 IST] [LARGE_FILE] Rank #29: /var/log/journal/142dcae1c8d14e47b5bb0bb851fd23b9/user-1000@00065c965c700164-6ff9e536f6864797.journal~ (8.00 MB, 8388608 bytes, root:systemd-journal)
[2026-10-07 11:34:19 IST] [LARGE_FILE] Rank #30: /var/log/journal/142dcae1c8d14e47b5bb0bb851fd23b9/user-1000@00065c830a019f5c-22de3fbebb3aa5f3.journal~ (8.00 MB, 8388608 bytes, root:systemd-journal)
[2026-10-07 11:34:19 IST] [LARGE_FILE] Rank #31: /var/log/journal/142dcae1c8d14e47b5bb0bb851fd23b9/user-1000@00065c3430162d94-3609233f2e7a7d46.journal~ (8.00 MB, 8388608 bytes, root:systemd-journal)
[2026-10-07 11:34:19 IST] [LARGE_FILE] Rank #32: /var/log/journal/142dcae1c8d14e47b5bb0bb851fd23b9/user-1000@00065c325fcf371f-b53b77a438ed9c21.journal~ (8.00 MB, 8388608 bytes, root:systemd-journal)
[2026-10-07 11:34:19 IST] [LARGE_FILE] Rank #33: /var/log/journal/142dcae1c8d14e47b5bb0bb851fd23b9/user-1000@00065c20112b368a-a05f04fdf3bf830e.journal~ (8.00 MB, 8388608 bytes, root:systemd-journal)
[2026-10-07 11:34:19 IST] [LARGE_FILE] Rank #34: /var/log/journal/142dcae1c8d14e47b5bb0bb851fd23b9/user-1000@00065c1ff16a7a4c-51130ce35465035a.journal~ (8.00 MB, 8388608 bytes, root:systemd-journal)
[2026-10-07 11:34:19 IST] [LARGE_FILE] Rank #35: /var/log/journal/142dcae1c8d14e47b5bb0bb851fd23b9/user-1000@00065c0aa1e68b06-fc1ad451782d3e02.journal~ (8.00 MB, 8388608 bytes, root:systemd-journal)
[2026-10-07 11:34:19 IST] [LARGE_FILE] Rank #36: /var/log/journal/142dcae1c8d14e47b5bb0bb851fd23b9/user-1000@00065c0a902bf150-6733ddbbd13d337e.journal~ (8.00 MB, 8388608 bytes, root:systemd-journal)
[2026-10-07 11:34:19 IST] [LARGE_FILE] Rank #37: /var/log/journal/142dcae1c8d14e47b5bb0bb851fd23b9/user-1000@00065b1a851d3faa-85121c50b8901173.journal~ (8.00 MB, 8388608 bytes, root:systemd-journal)
[2026-10-07 11:34:19 IST] [LARGE_FILE] Rank #38: /var/log/journal/142dcae1c8d14e47b5bb0bb851fd23b9/user-1000@00065b066b9e4e4d-02715a4cde9a063e.journal~ (8.00 MB, 8388608 bytes, root:systemd-journal)
[2026-10-07 11:34:20 IST] [LARGE_FILE] Rank #39: /var/log/journal/142dcae1c8d14e47b5bb0bb851fd23b9/user-1000@00065afb510ff518-85c923e53a6e8e4e.journal~ (8.00 MB, 8388608 bytes, root:systemd-journal)
[2026-10-07 11:34:20 IST] [LARGE_FILE] Rank #40: /var/log/journal/142dcae1c8d14e47b5bb0bb851fd23b9/user-1000@00065af096667479-f6559e15597dec65.journal~ (8.00 MB, 8388608 bytes, root:systemd-journal)
[2026-10-07 11:34:20 IST] [LARGE_FILE] Rank #41: /var/log/journal/142dcae1c8d14e47b5bb0bb851fd23b9/user-1000@00065ae2528594d1-fc5f02f6323595bf.journal~ (8.00 MB, 8388608 bytes, root:systemd-journal)
[2026-10-07 11:34:20 IST] [LARGE_FILE] Rank #42: /var/log/journal/142dcae1c8d14e47b5bb0bb851fd23b9/user-1000@00065adcbe0a4de2-c76a6e181bfb530a.journal~ (8.00 MB, 8388608 bytes, root:systemd-journal)
[2026-10-07 11:34:20 IST] [LARGE_FILE] Rank #43: /var/log/journal/142dcae1c8d14e47b5bb0bb851fd23b9/user-1000@00065acba9522787-1e633c0702a2075a.journal~ (8.00 MB, 8388608 bytes, root:systemd-journal)
[2026-10-07 11:34:20 IST] [LARGE_FILE] Rank #44: /var/log/journal/142dcae1c8d14e47b5bb0bb851fd23b9/user-1000.journal (8.00 MB, 8388608 bytes, root:systemd-journal)
[2026-10-07 11:34:20 IST] [LARGE_FILE] Rank #45: /var/log/journal/142dcae1c8d14e47b5bb0bb851fd23b9/system@00065cbec3955cd4-a7f2b832dc4e078d.journal~ (8.00 MB, 8388608 bytes, root:systemd-journal)
[2026-10-07 11:34:20 IST] [LARGE_FILE] Rank #46: /var/log/journal/142dcae1c8d14e47b5bb0bb851fd23b9/system@00065cb0a2fd70dd-48bb6bc6c8b5003a.journal~ (8.00 MB, 8388608 bytes, root:systemd-journal)
[2026-10-07 11:34:20 IST] [LARGE_FILE] Rank #47: /var/log/journal/142dcae1c8d14e47b5bb0bb851fd23b9/system@00065cadc59a6e9a-824a79255ebe1bfa.journal~ (8.00 MB, 8388608 bytes, root:systemd-journal)
[2026-10-07 11:34:20 IST] [LARGE_FILE] Rank #48: /var/log/journal/142dcae1c8d14e47b5bb0bb851fd23b9/system@00065cada5c7f293-e5f7e42c42cd75d1.journal~ (8.00 MB, 8388608 bytes, root:systemd-journal)
[2026-10-07 11:34:20 IST] [LARGE_FILE] Rank #49: /var/log/journal/142dcae1c8d14e47b5bb0bb851fd23b9/system@00065cad9c995a65-e42e3fe487a1cbf7.journal~ (8.00 MB, 8388608 bytes, root:systemd-journal)
[2026-10-07 11:34:20 IST] [LARGE_FILE] Rank #50: /var/log/journal/142dcae1c8d14e47b5bb0bb851fd23b9/system@00065ca2b0177f42-38a6317732624e6b.journal~ (8.00 MB, 8388608 bytes, root:systemd-journal)
[2026-10-07 11:34:21 IST] [LARGE_FILE] Rank #51: /var/log/journal/142dcae1c8d14e47b5bb0bb851fd23b9/system@00065c9fbf267c4a-4808ecc8bc84341c.journal~ (8.00 MB, 8388608 bytes, root:systemd-journal)
[2026-10-07 11:34:21 IST] [LARGE_FILE] Rank #52: /var/log/journal/142dcae1c8d14e47b5bb0bb851fd23b9/system@00065c9fbbf44b6b-5c4820b33c03e240.journal~ (8.00 MB, 8388608 bytes, root:systemd-journal)
[2026-10-07 11:34:21 IST] [LARGE_FILE] Rank #53: /var/log/journal/142dcae1c8d14e47b5bb0bb851fd23b9/system@00065c9fb73a4663-7996a54db8c4f7ac.journal~ (8.00 MB, 8388608 bytes, root:systemd-journal)
[2026-10-07 11:34:21 IST] [LARGE_FILE] Rank #54: /var/log/journal/142dcae1c8d14e47b5bb0bb851fd23b9/system@00065c9fb15eaf38-6a64d3aed736efbf.journal~ (8.00 MB, 8388608 bytes, root:systemd-journal)
[2026-10-07 11:34:21 IST] [LARGE_FILE] Rank #55: /var/log/journal/142dcae1c8d14e47b5bb0bb851fd23b9/system@00065c9fa8a4b1a4-868cca56e9017336.journal~ (8.00 MB, 8388608 bytes, root:systemd-journal)
[2026-10-07 11:34:21 IST] [LARGE_FILE] Rank #56: /var/log/journal/142dcae1c8d14e47b5bb0bb851fd23b9/system@00065c9fa496bdaa-99faf70995ddd18d.journal~ (8.00 MB, 8388608 bytes, root:systemd-journal)
[2026-10-07 11:34:21 IST] [LARGE_FILE] Rank #57: /var/log/journal/142dcae1c8d14e47b5bb0bb851fd23b9/system@00065c9f9d8af3bd-1aeb8c25a48d0268.journal~ (8.00 MB, 8388608 bytes, root:systemd-journal)
[2026-10-07 11:34:21 IST] [LARGE_FILE] Rank #58: /var/log/journal/142dcae1c8d14e47b5bb0bb851fd23b9/system@00065c9f92b1d33a-263da1e623f0140e.journal~ (8.00 MB, 8388608 bytes, root:systemd-journal)
[2026-10-07 11:34:21 IST] [LARGE_FILE] Rank #59: /var/log/journal/142dcae1c8d14e47b5bb0bb851fd23b9/system@00065c9f8a49e291-1d92fdbc64d031d1.journal~ (8.00 MB, 8388608 bytes, root:systemd-journal)
[2026-10-07 11:34:22 IST] [LARGE_FILE] Rank #60: /var/log/journal/142dcae1c8d14e47b5bb0bb851fd23b9/system@00065c9f7e8264ed-51ffe9ce1e0352e6.journal~ (8.00 MB, 8388608 bytes, root:systemd-journal)
[2026-10-07 11:34:22 IST] [LARGE_FILE] Rank #61: /var/log/journal/142dcae1c8d14e47b5bb0bb851fd23b9/system@00065c9f7c165179-6cb29af72c86bfc7.journal~ (8.00 MB, 8388608 bytes, root:systemd-journal)
[2026-10-07 11:34:22 IST] [LARGE_FILE] Rank #62: /var/log/journal/142dcae1c8d14e47b5bb0bb851fd23b9/system@00065c9f7185b39b-122990410bc5896b.journal~ (8.00 MB, 8388608 bytes, root:systemd-journal)
[2026-10-07 11:34:22 IST] [LARGE_FILE] Rank #63: /var/log/journal/142dcae1c8d14e47b5bb0bb851fd23b9/system@00065c9f5d1f6c8a-2e95ec794147eebd.journal~ (8.00 MB, 8388608 bytes, root:systemd-journal)
[2026-10-07 11:34:22 IST] [LARGE_FILE] Rank #64: /var/log/journal/142dcae1c8d14e47b5bb0bb851fd23b9/system@00065c9f3695af8d-d3153563d07c037e.journal~ (8.00 MB, 8388608 bytes, root:systemd-journal)
[2026-10-07 11:34:22 IST] [LARGE_FILE] Rank #65: /var/log/journal/142dcae1c8d14e47b5bb0bb851fd23b9/system@00065c9f206c15c2-22e1d6c3bd139265.journal~ (8.00 MB, 8388608 bytes, root:systemd-journal)
[2026-10-07 11:34:22 IST] [LARGE_FILE] Rank #66: /var/log/journal/142dcae1c8d14e47b5bb0bb851fd23b9/system@00065c9f144ce29e-2e23a398d70aa841.journal~ (8.00 MB, 8388608 bytes, root:systemd-journal)
[2026-10-07 11:34:22 IST] [LARGE_FILE] Rank #67: /var/log/journal/142dcae1c8d14e47b5bb0bb851fd23b9/system@00065c9efca16f83-ceeef571037d8aae.journal~ (8.00 MB, 8388608 bytes, root:systemd-journal)
[2026-10-07 11:34:22 IST] [LARGE_FILE] Rank #68: /var/log/journal/142dcae1c8d14e47b5bb0bb851fd23b9/system@00065c9eef73664b-68c4dedd56c0533a.journal~ (8.00 MB, 8388608 bytes, root:systemd-journal)
[2026-10-07 11:34:22 IST] [LARGE_FILE] Rank #69: /var/log/journal/142dcae1c8d14e47b5bb0bb851fd23b9/system@00065c9ede533b61-2201651237c82f2c.journal~ (8.00 MB, 8388608 bytes, root:systemd-journal)
[2026-10-07 11:34:22 IST] [LARGE_FILE] Rank #70: /var/log/journal/142dcae1c8d14e47b5bb0bb851fd23b9/system@00065c9ec948c275-966b976bb9bdd15b.journal~ (8.00 MB, 8388608 bytes, root:systemd-journal)
[2026-10-07 11:34:23 IST] [LARGE_FILE] Rank #71: /var/log/journal/142dcae1c8d14e47b5bb0bb851fd23b9/system@00065c9eb7fb62f3-2e7d87ecb2f77495.journal~ (8.00 MB, 8388608 bytes, root:systemd-journal)
[2026-10-07 11:34:23 IST] [LARGE_FILE] Rank #72: /var/log/journal/142dcae1c8d14e47b5bb0bb851fd23b9/system@00065c9e9878796b-156c3e17e82c79e7.journal~ (8.00 MB, 8388608 bytes, root:systemd-journal)
[2026-10-07 11:34:23 IST] [LARGE_FILE] Rank #73: /var/log/journal/142dcae1c8d14e47b5bb0bb851fd23b9/system@00065c9e85af8c1f-980bb791d4a45c35.journal~ (8.00 MB, 8388608 bytes, root:systemd-journal)
[2026-10-07 11:34:23 IST] [LARGE_FILE] Rank #74: /var/log/journal/142dcae1c8d14e47b5bb0bb851fd23b9/system@00065c9752cea6d2-d6fe68a9a7c7d6fb.journal~ (8.00 MB, 8388608 bytes, root:systemd-journal)
[2026-10-07 11:34:23 IST] [LARGE_FILE] Rank #75: /var/log/journal/142dcae1c8d14e47b5bb0bb851fd23b9/system@00065c965b82b1a5-9db4f0b1d4098d61.journal~ (8.00 MB, 8388608 bytes, root:systemd-journal)
[2026-10-07 11:34:23 IST] [LARGE_FILE] Rank #76: /var/log/journal/142dcae1c8d14e47b5bb0bb851fd23b9/system@00065c964418f902-ee68daf87c5ab910.journal~ (8.00 MB, 8388608 bytes, root:systemd-journal)
[2026-10-07 11:34:23 IST] [LARGE_FILE] Rank #77: /var/log/journal/142dcae1c8d14e47b5bb0bb851fd23b9/system@00065c83081d0675-3f7b4834c71b6575.journal~ (8.00 MB, 8388608 bytes, root:systemd-journal)
[2026-10-07 11:34:23 IST] [LARGE_FILE] Rank #78: /var/log/journal/142dcae1c8d14e47b5bb0bb851fd23b9/system@00065c342f557d54-e83ebe3f8363e0e0.journal~ (8.00 MB, 8388608 bytes, root:systemd-journal)
[2026-10-07 11:34:23 IST] [LARGE_FILE] Rank #79: /var/log/journal/142dcae1c8d14e47b5bb0bb851fd23b9/system@00065c325ea59a2d-e57349d55a663fb5.journal~ (8.00 MB, 8388608 bytes, root:systemd-journal)
[2026-10-07 11:34:23 IST] [LARGE_FILE] Rank #80: /var/log/journal/142dcae1c8d14e47b5bb0bb851fd23b9/system@00065c215d0809b2-b947708f9456c1d7.journal~ (8.00 MB, 8388608 bytes, root:systemd-journal)
[2026-10-07 11:34:23 IST] [LARGE_FILE] Rank #81: /var/log/journal/142dcae1c8d14e47b5bb0bb851fd23b9/system@00065c2010ac26c0-4760bb4d8ba7c2e2.journal~ (8.00 MB, 8388608 bytes, root:systemd-journal)
[2026-10-07 11:34:23 IST] [LARGE_FILE] Rank #82: /var/log/journal/142dcae1c8d14e47b5bb0bb851fd23b9/system@00065c1ff052037a-dfd051e4040f1c0a.journal~ (8.00 MB, 8388608 bytes, root:systemd-journal)
[2026-10-07 11:34:24 IST] [LARGE_FILE] Rank #83: /var/log/journal/142dcae1c8d14e47b5bb0bb851fd23b9/system@00065c1722a0edd9-139129403d1d5ff8.journal~ (8.00 MB, 8388608 bytes, root:systemd-journal)
[2026-10-07 11:34:24 IST] [LARGE_FILE] Rank #84: /var/log/journal/142dcae1c8d14e47b5bb0bb851fd23b9/system@00065c16c4df847d-53e10fe41449db45.journal~ (8.00 MB, 8388608 bytes, root:systemd-journal)
[2026-10-07 11:34:24 IST] [LARGE_FILE] Rank #85: /var/log/journal/142dcae1c8d14e47b5bb0bb851fd23b9/system@00065c0aa125cd16-816a93ec50ea5c68.journal~ (8.00 MB, 8388608 bytes, root:systemd-journal)
[2026-10-07 11:34:24 IST] [LARGE_FILE] Rank #86: /var/log/journal/142dcae1c8d14e47b5bb0bb851fd23b9/system@00065c0a8f9d7992-55ab87dc26a185f6.journal~ (8.00 MB, 8388608 bytes, root:systemd-journal)
[2026-10-07 11:34:24 IST] [LARGE_FILE] Rank #87: /var/log/journal/142dcae1c8d14e47b5bb0bb851fd23b9/system@00065c09f0d36982-992959a07628edd1.journal~ (8.00 MB, 8388608 bytes, root:systemd-journal)
[2026-10-07 11:34:24 IST] [LARGE_FILE] Rank #88: /var/log/journal/142dcae1c8d14e47b5bb0bb851fd23b9/system@00065c09d8825f85-87a58b7a9a5c2863.journal~ (8.00 MB, 8388608 bytes, root:systemd-journal)
[2026-10-07 11:34:24 IST] [LARGE_FILE] Rank #89: /var/log/journal/142dcae1c8d14e47b5bb0bb851fd23b9/system@00065bf694c139a4-bed904c6cd25fae9.journal~ (8.00 MB, 8388608 bytes, root:systemd-journal)
[2026-10-07 11:34:24 IST] [LARGE_FILE] Rank #90: /var/log/journal/142dcae1c8d14e47b5bb0bb851fd23b9/system@00065b24578a7f58-708337904cf5371e.journal~ (8.00 MB, 8388608 bytes, root:systemd-journal)
[2026-10-07 11:34:24 IST] [LARGE_FILE] Rank #91: /var/log/journal/142dcae1c8d14e47b5bb0bb851fd23b9/system@00065b213dc0aef9-ae6a57e8bfea5f34.journal~ (8.00 MB, 8388608 bytes, root:systemd-journal)
[2026-10-07 11:34:24 IST] [LARGE_FILE] Rank #92: /var/log/journal/142dcae1c8d14e47b5bb0bb851fd23b9/system@00065b1a8474fa67-8bade00b74810f92.journal~ (8.00 MB, 8388608 bytes, root:systemd-journal)
[2026-10-07 11:34:24 IST] [LARGE_FILE] Rank #93: /var/log/journal/142dcae1c8d14e47b5bb0bb851fd23b9/system@00065b066acd67f8-20b2575eadb6505a.journal~ (8.00 MB, 8388608 bytes, root:systemd-journal)
[2026-10-07 11:34:24 IST] [LARGE_FILE] Rank #94: /var/log/journal/142dcae1c8d14e47b5bb0bb851fd23b9/system@00065afb501703dc-a9e025994b9fdbd0.journal~ (8.00 MB, 8388608 bytes, root:systemd-journal)
[2026-10-07 11:34:24 IST] [LARGE_FILE] Rank #95: /var/log/journal/142dcae1c8d14e47b5bb0bb851fd23b9/system@00065af095bbe38d-331fa7cfcf54a0aa.journal~ (8.00 MB, 8388608 bytes, root:systemd-journal)
[2026-10-07 11:34:25 IST] [LARGE_FILE] Rank #96: /var/log/journal/142dcae1c8d14e47b5bb0bb851fd23b9/system@00065ae26aab4dd2-c96e0bfbfb481450.journal~ (8.00 MB, 8388608 bytes, root:systemd-journal)
[2026-10-07 11:34:25 IST] [LARGE_FILE] Rank #97: /var/log/journal/142dcae1c8d14e47b5bb0bb851fd23b9/system@00065ae25138e347-91a49203cbdb3dea.journal~ (8.00 MB, 8388608 bytes, root:systemd-journal)
[2026-10-07 11:34:25 IST] [LARGE_FILE] Rank #98: /var/log/journal/142dcae1c8d14e47b5bb0bb851fd23b9/system@00065ae21c59654f-043c0af618687a70.journal~ (8.00 MB, 8388608 bytes, root:systemd-journal)
[2026-10-07 11:34:25 IST] [LARGE_FILE] Rank #99: /var/log/journal/142dcae1c8d14e47b5bb0bb851fd23b9/system@00065adcbcf10fe9-50d1630dbc479d57.journal~ (8.00 MB, 8388608 bytes, root:systemd-journal)
[2026-10-07 11:34:25 IST] [LARGE_FILE] Rank #100: /var/log/journal/142dcae1c8d14e47b5bb0bb851fd23b9/system@00065acba855aec4-162a96f2f31f8527.journal~ (8.00 MB, 8388608 bytes, root:systemd-journal)
[2026-10-07 11:34:25 IST] [LARGE_FILE] Rank #101: /var/log/syslog.1 (4.97 MB, 5214487 bytes, syslog:adm)
[2026-10-07 11:34:25 IST] [LARGE_FILE] Rank #102: /var/log/kern.log.1 (2.14 MB, 2246579 bytes, syslog:adm)
