[2026-10-07 16:14:11] [INFO] Gathering live system health telemetry...
[2026-10-07 16:14:11] [SUCCESS] Timestamped health report generated: /mnt/d/Users/Dell/Downloads/Projects/LSA/Automation_sprint/AS_38/reports/health_report_20261007_161411.txt
[2026-10-07 16:14:11] [SUCCESS] Updated latest report pointer: /mnt/d/Users/Dell/Downloads/Projects/LSA/Automation_sprint/AS_38/reports/latest_health_report.txt
[2026-10-07 16:14:12] [SUCCESS] Telemetry written to /mnt/d/Users/Dell/Downloads/Projects/LSA/Automation_sprint/AS_38/logs/health_metrics.json
[2026-10-07 16:14:38] [INFO] Installing scheduled health report cron task...
[2026-10-07 16:14:38] [INFO] Cadence Schedule : '*/30 * * * *' (Tag: # LSA_SPRINT_TEST)
[2026-10-07 16:14:38] [SUCCESS] Health report cron schedule installed successfully in user crontab.
[2026-10-07 16:14:38] [INFO] Verifying active crontab entry:
[2026-10-07 16:14:38] [INFO] Inspecting user crontab for scheduled LSA health report jobs...
[2026-10-07 16:14:38] [SUCCESS] Active scheduled health report job(s) found:
[2026-10-07 16:14:38] [INFO] Attempting to remove crontab entries matching '# LSA_SPRINT_TEST'...
[2026-10-07 16:14:38] [SUCCESS] Successfully removed LSA test health report cron job(s).
[2026-10-07 16:15:49] [INFO] Gathering live system health telemetry...
[2026-10-07 16:15:49] [SUCCESS] Timestamped health report generated: /mnt/d/Users/Dell/Downloads/Projects/LSA/Automation_sprint/AS_38/reports/health_report_20261007_161549.txt
[2026-10-07 16:15:50] [SUCCESS] Updated latest report pointer: /mnt/d/Users/Dell/Downloads/Projects/LSA/Automation_sprint/AS_38/reports/latest_health_report.txt
[2026-10-07 16:15:50] [SUCCESS] Telemetry written to /mnt/d/Users/Dell/Downloads/Projects/LSA/Automation_sprint/AS_38/logs/health_metrics.json
[2026-10-07 16:15:50] [INFO] Installing scheduled health report cron task...
[2026-10-07 16:15:50] [INFO] Cadence Schedule : '*/30 * * * *' (Tag: # LSA_SPRINT_TEST)
[2026-10-07 16:15:50] [SUCCESS] Health report cron schedule installed successfully in user crontab.
[2026-10-07 16:15:50] [INFO] Verifying active crontab entry:
[2026-10-07 16:15:50] [INFO] Inspecting user crontab for scheduled LSA health report jobs...
[2026-10-07 16:15:50] [SUCCESS] Active scheduled health report job(s) found:
[2026-10-07 16:16:36] [INFO] Gathering live system health telemetry...
[2026-10-07 16:16:37] [SUCCESS] Timestamped health report generated: /mnt/d/Users/Dell/Downloads/Projects/LSA/Automation_sprint/AS_38/reports/health_report_20261007_161636.txt
[2026-10-07 16:16:37] [SUCCESS] Updated latest report pointer: /mnt/d/Users/Dell/Downloads/Projects/LSA/Automation_sprint/AS_38/reports/latest_health_report.txt
[2026-10-07 16:16:37] [SUCCESS] Telemetry written to /mnt/d/Users/Dell/Downloads/Projects/LSA/Automation_sprint/AS_38/logs/health_metrics.json
[2026-10-07 16:16:37] [INFO] Installing scheduled health report cron task...
[2026-10-07 16:16:37] [INFO] Cadence Schedule : '*/30 * * * *' (Tag: # LSA_SPRINT_TEST)
[2026-10-07 16:16:37] [SUCCESS] Health report cron schedule installed successfully in user crontab.
[2026-10-07 16:16:37] [INFO] Verifying active crontab entry:
[2026-10-07 16:16:37] [INFO] Inspecting user crontab for scheduled LSA health report jobs...
[2026-10-07 16:16:37] [SUCCESS] Active scheduled health report job(s) found:
