[2026-10-07 10:49:05 IST] [INFO] Step 1: Inspecting department group 'lsatest_dept_shared'...
[2026-10-07 10:49:05 IST] [INFO] [DRY-RUN] Would execute: sudo groupadd 'lsatest_dept_shared'
[2026-10-07 10:49:05 IST] [INFO] Step 2: Configuring shared directory '/mnt/d/Users/Dell/Downloads/Projects/LSA/Automation_sprint/AS_03/sandbox_data/shared'...
[2026-10-07 10:49:05 IST] [INFO] Step 3: Auditing shared directory permissions & access isolation...
[2026-10-07 10:49:05 IST] [WARN] Others Access Audit: OPEN (5). Non-members may have access.
[2026-10-07 10:49:05 IST] [WARN] SGID Bit Audit: INACTIVE. SGID bit is not set.
[2026-10-07 10:50:39 IST] [INFO] Step 1: Inspecting department group 'lsatest_dept_shared'...
[2026-10-07 10:50:40 IST] [INFO] Creating department group 'lsatest_dept_shared' using groupadd...
[2026-10-07 10:50:40 IST] [SUCCESS] Successfully provisioned department group 'lsatest_dept_shared' (GID: 1009).
[2026-10-07 10:50:40 IST] [INFO] Step 2: Configuring shared directory '/mnt/d/Users/Dell/Downloads/Projects/LSA/Automation_sprint/AS_03/sandbox_data/shared'...
[2026-10-07 10:50:40 IST] [INFO] Setting directory ownership to 'pankaj:lsatest_dept_shared'...
[2026-10-07 10:50:40 IST] [INFO] Setting restrictive permissions '2770' on '/mnt/d/Users/Dell/Downloads/Projects/LSA/Automation_sprint/AS_03/sandbox_data/shared'...
[2026-10-07 10:50:40 IST] [SUCCESS] Directory ownership and permissions applied successfully.
[2026-10-07 10:50:40 IST] [INFO] Step 3: Auditing shared directory permissions & access isolation...
[2026-10-07 10:50:40 IST] [SUCCESS] Others Access Audit: STRICTLY BLOCKED (0 / '---'). Non-members cannot read, write, or enter.
[2026-10-07 10:50:40 IST] [SUCCESS] SGID Bit Audit: ACTIVE (SetGID). Files created inside will inherit group 'lsatest_dept_shared'.
[2026-10-07 10:50:40 IST] [SUCCESS] Group Inheritance Test: PASSED (New file inherited group 'lsatest_dept_shared').
[2026-10-07 10:50:41 IST] [INFO] Testing access enforcement: attempting non-member read/exec via 'nobody' account...
[2026-10-07 10:50:41 IST] [SUCCESS] Non-Member Access Test: ACCESS DENIED (as expected). User 'nobody' blocked by kernel.
[2026-10-07 10:51:19 IST] [CLEANUP] Removed group 'lsatest_dept_shared'
[2026-10-07 10:51:19 IST] [CLEANUP] Restored directory permissions to 755 for '/mnt/d/Users/Dell/Downloads/Projects/LSA/Automation_sprint/AS_03/sandbox_data/shared'
